[jituchauhan.com/site-templates/medical-website-template/06_pathology_lab/index.html]
[backblue.gif]
[fade.gif]
[index.html]
[jituchauhan.com/site-templates/medical-website-template/06_pathology_lab/css/bootstrap.min.css]
[jituchauhan.com/site-templates/medical-website-template/06_pathology_lab/css/style.css]
[jituchauhan.com/site-templates/medical-website-template/06_pathology_lab/css/owl.carousel.min.css]
[jituchauhan.com/site-templates/medical-website-template/06_pathology_lab/css/owl.theme.default.css]
[jituchauhan.com/site-templates/medical-website-template/06_pathology_lab/css/font-awesome.min.css]
[jituchauhan.com/site-templates/medical-website-template/06_pathology_lab/images/logo.png]
[jituchauhan.com/site-templates/medical-website-template/06_pathology_lab/about-us.html]
[jituchauhan.com/site-templates/medical-website-template/06_pathology_lab/team-listing.html]
[jituchauhan.com/site-templates/medical-website-template/06_pathology_lab/awards.html]
[jituchauhan.com/site-templates/medical-website-template/06_pathology_lab/home-visit.html]
[jituchauhan.com/site-templates/medical-website-template/06_pathology_lab/test-list.html]
[jituchauhan.com/site-templates/medical-website-template/06_pathology_lab/test-single.html]
[jituchauhan.com/site-templates/medical-website-template/06_pathology_lab/blog-listing.html]
[jituchauhan.com/site-templates/medical-website-template/06_pathology_lab/blog-single.html]
[jituchauhan.com/site-templates/medical-website-template/06_pathology_lab/location.html]
[jituchauhan.com/site-templates/medical-website-template/06_pathology_lab/pricing.html]
[jituchauhan.com/site-templates/medical-website-template/06_pathology_lab/faq.html]
[jituchauhan.com/site-templates/medical-website-template/06_pathology_lab/testimonial.html]
[jituchauhan.com/site-templates/medical-website-template/06_pathology_lab/error-page.html]
[jituchauhan.com/site-templates/medical-website-template/06_pathology_lab/gallery-filter-3.html]
[jituchauhan.com/site-templates/medical-website-template/06_pathology_lab/gallery-masonry.html]
[jituchauhan.com/site-templates/medical-website-template/06_pathology_lab/gallery-zoom.html]
[jituchauhan.com/site-templates/medical-website-template/06_pathology_lab/shortcodes-accordion.html]
[jituchauhan.com/site-templates/medical-website-template/06_pathology_lab/shortcodes-tabs.html]
[jituchauhan.com/site-templates/medical-website-template/06_pathology_lab/shortcodes-alerts.html]
[jituchauhan.com/site-templates/medical-website-template/06_pathology_lab/shortcodes-columns.html]
[jituchauhan.com/site-templates/medical-website-template/06_pathology_lab/contact-us.html]
[jituchauhan.com/site-templates/medical-website-template/06_pathology_lab/images/slider-1.jpg]
[jituchauhan.com/site-templates/medical-website-template/06_pathology_lab/images/slider-2.jpg]
[jituchauhan.com/site-templates/medical-website-template/06_pathology_lab/images/slider-3.jpg]
[jituchauhan.com/site-templates/medical-website-template/06_pathology_lab/images/team-1.jpg]
[jituchauhan.com/site-templates/medical-website-template/06_pathology_lab/images/team-2.jpg]
[jituchauhan.com/site-templates/medical-website-template/06_pathology_lab/images/team-3.jpg]
[jituchauhan.com/site-templates/medical-website-template/06_pathology_lab/images/team-4.jpg]
[jituchauhan.com/site-templates/medical-website-template/06_pathology_lab/images/client-logo-1.png]
[jituchauhan.com/site-templates/medical-website-template/06_pathology_lab/images/client-logo-2.png]
[jituchauhan.com/site-templates/medical-website-template/06_pathology_lab/images/client-logo-3.png]
[jituchauhan.com/site-templates/medical-website-template/06_pathology_lab/images/client-logo-4.png]
[jituchauhan.com/site-templates/medical-website-template/06_pathology_lab/js/jquery.min.js]
[jituchauhan.com/site-templates/medical-website-template/06_pathology_lab/js/bootstrap.min.js]
[jituchauhan.com/site-templates/medical-website-template/06_pathology_lab/js/menumaker.js]
[jituchauhan.com/site-templates/medical-website-template/06_pathology_lab/js/owl.carousel.min.js]
[jituchauhan.com/site-templates/medical-website-template/06_pathology_lab/js/slider.js]
[jituchauhan.com/site-templates/medical-website-template/06_pathology_lab/js/jquery.sticky.js]
[jituchauhan.com/site-templates/medical-website-template/06_pathology_lab/js/sticky-header.js]
[jituchauhan.com/site-templates/medical-website-template/06_pathology_lab/index.html]
[jituchauhan.com/site-templates/medical-website-template/06_pathology_lab/js/back-to-top.js]
[jituchauhan.com/site-templates/medical-website-template/06_pathology_lab/fonts/glyphicons-halflings-regular.eot]
[jituchauhan.com/site-templates/medical-website-template/06_pathology_lab/fonts/glyphicons-halflings-regulard41d.eot]
[jituchauhan.com/site-templates/medical-website-template/06_pathology_lab/fonts/glyphicons-halflings-regular.woff2]
[jituchauhan.com/site-templates/medical-website-template/06_pathology_lab/fonts/glyphicons-halflings-regular.woff]
[jituchauhan.com/site-templates/medical-website-template/06_pathology_lab/fonts/glyphicons-halflings-regular.ttf]
[jituchauhan.com/site-templates/medical-website-template/06_pathology_lab/css/bootstrap.min.css]
[jituchauhan.com/site-templates/medical-website-template/06_pathology_lab/fonts/glyphicons-halflings-regular.svg]
[jituchauhan.com/site-templates/medical-website-template/06_pathology_lab/css/style.css]
[jituchauhan.com/site-templates/medical-website-template/06_pathology_lab/images/cd-top-arrow.svg]
[jituchauhan.com/site-templates/medical-website-template/06_pathology_lab/css/owl.video.play.png]
[jituchauhan.com/site-templates/medical-website-template/06_pathology_lab/css/owl.carousel.min.css]
[jituchauhan.com/site-templates/medical-website-template/06_pathology_lab/css/owl.theme.default.css]
[jituchauhan.com/site-templates/medical-website-template/06_pathology_lab/fonts/fontawesome-webfont3e6e.eot]
[jituchauhan.com/site-templates/medical-website-template/06_pathology_lab/fonts/fontawesome-webfontd41d.eot]
[jituchauhan.com/site-templates/medical-website-template/06_pathology_lab/fonts/fontawesome-webfont3e6e.woff2]
[jituchauhan.com/site-templates/medical-website-template/06_pathology_lab/fonts/fontawesome-webfont3e6e.woff]
[jituchauhan.com/site-templates/medical-website-template/06_pathology_lab/fonts/fontawesome-webfont3e6e.ttf]
[jituchauhan.com/site-templates/medical-website-template/06_pathology_lab/css/font-awesome.min.css]
[jituchauhan.com/site-templates/medical-website-template/06_pathology_lab/images/video-img.jpg]
[jituchauhan.com/site-templates/medical-website-template/06_pathology_lab/about-us.html]
[jituchauhan.com/site-templates/medical-website-template/06_pathology_lab/images/team-5.jpg]
[jituchauhan.com/site-templates/medical-website-template/06_pathology_lab/images/team-6.jpg]
[jituchauhan.com/site-templates/medical-website-template/06_pathology_lab/team-listing.html]
[jituchauhan.com/site-templates/medical-website-template/06_pathology_lab/fonts/fontawesome-webfont3e6e.svg]
[jituchauhan.com/site-templates/medical-website-template/06_pathology_lab/images/award-1.jpg]
[jituchauhan.com/site-templates/medical-website-template/06_pathology_lab/images/award-2.jpg]
[jituchauhan.com/site-templates/medical-website-template/06_pathology_lab/images/award-3.jpg]
[jituchauhan.com/site-templates/medical-website-template/06_pathology_lab/images/award-4.jpg]
[jituchauhan.com/site-templates/medical-website-template/06_pathology_lab/awards.html]
[jituchauhan.com/site-templates/medical-website-template/06_pathology_lab/css/jquery-ui.css]
[jituchauhan.com/site-templates/medical-website-template/06_pathology_lab/home-visit.html]
[jituchauhan.com/site-templates/medical-website-template/06_pathology_lab/test-list.html]
[code.jquery.com/ui/1.12.1/jquery-ui.js]
[jituchauhan.com/site-templates/medical-website-template/06_pathology_lab/images/service-single.jpg]
[jituchauhan.com/site-templates/medical-website-template/06_pathology_lab/test-single.html]
[jituchauhan.com/site-templates/medical-website-template/06_pathology_lab/js/accordion.js]
[jituchauhan.com/site-templates/medical-website-template/06_pathology_lab/images/blog-post-1.jpg]
[jituchauhan.com/site-templates/medical-website-template/06_pathology_lab/images/blog-post-2.jpg]
[jituchauhan.com/site-templates/medical-website-template/06_pathology_lab/images/blog-post-3.jpg]
[jituchauhan.com/site-templates/medical-website-template/06_pathology_lab/images/blog-post-4.jpg]
[jituchauhan.com/site-templates/medical-website-template/06_pathology_lab/blog-listing.html]
[jituchauhan.com/site-templates/medical-website-template/06_pathology_lab/js/blog-carousel.js]
[jituchauhan.com/site-templates/medical-website-template/06_pathology_lab/images/blog-single.jpg]
[jituchauhan.com/site-templates/medical-website-template/06_pathology_lab/images/right-img.jpg]
[jituchauhan.com/site-templates/medical-website-template/06_pathology_lab/images/left-img.jpg]
[jituchauhan.com/site-templates/medical-website-template/06_pathology_lab/images/author.jpg]
[jituchauhan.com/site-templates/medical-website-template/06_pathology_lab/images/related-post-1.jpg]
[jituchauhan.com/site-templates/medical-website-template/06_pathology_lab/images/related-post-2.jpg]
[jituchauhan.com/site-templates/medical-website-template/06_pathology_lab/images/user-1.jpg]
[jituchauhan.com/site-templates/medical-website-template/06_pathology_lab/images/user-2.jpg]
[jituchauhan.com/site-templates/medical-website-template/06_pathology_lab/images/user-3.jpg]
[jituchauhan.com/site-templates/medical-website-template/06_pathology_lab/images/user-4.jpg]
[jituchauhan.com/site-templates/medical-website-template/06_pathology_lab/blog-single.html]
[jituchauhan.com/site-templates/medical-website-template/06_pathology_lab/location.html]
[jituchauhan.com/site-templates/medical-website-template/06_pathology_lab/pricing.html]
[jituchauhan.com/site-templates/medical-website-template/06_pathology_lab/js/location.js]
[jituchauhan.com/site-templates/medical-website-template/06_pathology_lab/images/widget-cta.jpg]
[jituchauhan.com/site-templates/medical-website-template/06_pathology_lab/faq.html]
[jituchauhan.com/site-templates/medical-website-template/06_pathology_lab/images/testimonial-1.jpg]
[jituchauhan.com/site-templates/medical-website-template/06_pathology_lab/images/testimonial-2.jpg]
[jituchauhan.com/site-templates/medical-website-template/06_pathology_lab/images/testimonial-3.jpg]
[jituchauhan.com/site-templates/medical-website-template/06_pathology_lab/images/testimonial-4.jpg]
[jituchauhan.com/site-templates/medical-website-template/06_pathology_lab/images/testimonial-5.jpg]
[jituchauhan.com/site-templates/medical-website-template/06_pathology_lab/images/testimonial-6.jpg]
[jituchauhan.com/site-templates/medical-website-template/06_pathology_lab/testimonial.html]
[jituchauhan.com/site-templates/medical-website-template/06_pathology_lab/images/error-img.png]
[jituchauhan.com/site-templates/medical-website-template/06_pathology_lab/error-page.html]
[jituchauhan.com/site-templates/medical-website-template/06_pathology_lab/images/gallery-3-1.jpg]
[jituchauhan.com/site-templates/medical-website-template/06_pathology_lab/images/gallery-3-2.jpg]
[jituchauhan.com/site-templates/medical-website-template/06_pathology_lab/images/gallery-3-3.jpg]
[jituchauhan.com/site-templates/medical-website-template/06_pathology_lab/images/gallery-3-4.jpg]
[jituchauhan.com/site-templates/medical-website-template/06_pathology_lab/images/gallery-3-5.jpg]
[jituchauhan.com/site-templates/medical-website-template/06_pathology_lab/images/gallery-3-6.jpg]
[jituchauhan.com/site-templates/medical-website-template/06_pathology_lab/js/jquery.isotope.min.js]
[jituchauhan.com/site-templates/medical-website-template/06_pathology_lab/gallery-filter-3.html]
[jituchauhan.com/site-templates/medical-website-template/06_pathology_lab/js/filter-script.js]
[jituchauhan.com/site-templates/medical-website-template/06_pathology_lab/images/masonry-1.jpg]
[jituchauhan.com/site-templates/medical-website-template/06_pathology_lab/images/masonry-6.jpg]
[jituchauhan.com/site-templates/medical-website-template/06_pathology_lab/images/masonry-2.jpg]
[jituchauhan.com/site-templates/medical-website-template/06_pathology_lab/images/masonry-4.jpg]
[jituchauhan.com/site-templates/medical-website-template/06_pathology_lab/images/masonry-3.jpg]
[jituchauhan.com/site-templates/medical-website-template/06_pathology_lab/images/masonry-5.jpg]
[jituchauhan.com/site-templates/medical-website-template/06_pathology_lab/gallery-masonry.html]
[jituchauhan.com/site-templates/medical-website-template/06_pathology_lab/js/isotope.pkgd.min.js]
[jituchauhan.com/site-templates/medical-website-template/06_pathology_lab/css/magnific-popup.css]
[jituchauhan.com/site-templates/medical-website-template/06_pathology_lab/images/zoom-1.jpg]
[jituchauhan.com/site-templates/medical-website-template/06_pathology_lab/images/zoom-small-1.jpg]
[jituchauhan.com/site-templates/medical-website-template/06_pathology_lab/images/zoom-2.jpg]
[jituchauhan.com/site-templates/medical-website-template/06_pathology_lab/images/zoom-small-2.jpg]
[jituchauhan.com/site-templates/medical-website-template/06_pathology_lab/images/zoom-3.jpg]
[jituchauhan.com/site-templates/medical-website-template/06_pathology_lab/images/zoom-small-3.jpg]
[jituchauhan.com/site-templates/medical-website-template/06_pathology_lab/images/zoom-4.jpg]
[jituchauhan.com/site-templates/medical-website-template/06_pathology_lab/images/zoom-small-4.jpg]
[jituchauhan.com/site-templates/medical-website-template/06_pathology_lab/images/zoom-5.jpg]
[jituchauhan.com/site-templates/medical-website-template/06_pathology_lab/images/zoom-small-5.jpg]
[jituchauhan.com/site-templates/medical-website-template/06_pathology_lab/images/zoom-6.jpg]
[jituchauhan.com/site-templates/medical-website-template/06_pathology_lab/images/zoom-small-6.jpg]
[jituchauhan.com/site-templates/medical-website-template/06_pathology_lab/js/jquery.magnific-popup.min.js]
[jituchauhan.com/site-templates/medical-website-template/06_pathology_lab/gallery-zoom.html]
[jituchauhan.com/site-templates/medical-website-template/06_pathology_lab/shortcodes-accordion.html]
[jituchauhan.com/site-templates/medical-website-template/06_pathology_lab/shortcodes-tabs.html]
[jituchauhan.com/site-templates/medical-website-template/06_pathology_lab/shortcodes-alerts.html]
[jituchauhan.com/site-templates/medical-website-template/06_pathology_lab/shortcodes-columns.html]
[jituchauhan.com/site-templates/medical-website-template/06_pathology_lab/js/popup-gallery.js]
[jituchauhan.com/site-templates/medical-website-template/06_pathology_lab/images/map-pin.png]
[jituchauhan.com/site-templates/medical-website-template/06_pathology_lab/contact-us.html]
[jituchauhan.com/site-templates/medical-website-template/06_pathology_lab/fonts/glyphicons-halflings-regular.svg]
[jituchauhan.com/site-templates/medical-website-template/06_pathology_lab/images/cd-top-arrow.svg]
[jituchauhan.com/site-templates/medical-website-template/06_pathology_lab/css/owl.video.play.html]
[jituchauhan.com/site-templates/medical-website-template/06_pathology_lab/fonts/fontawesome-webfont3e6e.svg]
[jituchauhan.com/site-templates/medical-website-template/06_pathology_lab/css/images/ui-icons_444444_256x240.png]
[jituchauhan.com/site-templates/medical-website-template/06_pathology_lab/css/images/ui-icons_555555_256x240.png]
[jituchauhan.com/site-templates/medical-website-template/06_pathology_lab/css/images/ui-icons_ffffff_256x240.png]
[jituchauhan.com/site-templates/medical-website-template/06_pathology_lab/css/images/ui-icons_777620_256x240.png]
[jituchauhan.com/site-templates/medical-website-template/06_pathology_lab/css/images/ui-icons_cc0000_256x240.png]
[jituchauhan.com/site-templates/medical-website-template/06_pathology_lab/css/images/ui-icons_777777_256x240.png]
[jituchauhan.com/site-templates/medical-website-template/06_pathology_lab/css/jquery-ui.css]
[jituchauhan.com/site-templates/medical-website-template/06_pathology_lab/images/widget-cta.html]
[jituchauhan.com/site-templates/medical-website-template/06_pathology_lab/css/magnific-popup.css]
[jituchauhan.com/site-templates/medical-website-template/06_pathology_lab/css/images/ui-icons_444444_256x240.html]
[jituchauhan.com/site-templates/medical-website-template/06_pathology_lab/css/images/ui-icons_555555_256x240.html]
[jituchauhan.com/site-templates/medical-website-template/06_pathology_lab/css/images/ui-icons_ffffff_256x240.html]
[jituchauhan.com/site-templates/medical-website-template/06_pathology_lab/css/images/ui-icons_777620_256x240.html]
[jituchauhan.com/site-templates/medical-website-template/06_pathology_lab/css/images/ui-icons_cc0000_256x240.html]
[jituchauhan.com/site-templates/medical-website-template/06_pathology_lab/css/images/ui-icons_777777_256x240.html]
